// Jest Snapshot v1, https://goo.gl/fbAQLP

exports[`Header.vue SnapShotテスト 1`] = `
<vue-date-picker-stub
  actionrow="[object Object]"
  arialabels="[object Object]"
  arrownavigation="false"
  autoapply="true"
  autocomplete="off"
  autoposition="true"
  canceltext="Cancel"
  clearable="true"
  dark="false"
  disabled="false"
  disableddates=""
  disabledweekdays=""
  disablemonthyearselect="false"
  disabletimerangevalidation="false"
  disableyearselect="false"
  enableminutes="true"
  enableseconds="false"
  enabletimepicker="false"
  escclose="true"
  filters="[object Object]"
  fixedend="false"
  fixedstart="false"
  flow=""
  focusstartdate="false"
  format="yyyy/M/d"
  hideinputicon="false"
  hidenavigation=""
  hideoffsetdates="false"
  hoursgridincrement="1"
  hoursincrement="1"
  ignoretimevalidation="false"
  inline="false"
  is24="true"
  loading="false"
  locale="ja"
  markers=""
  minutesgridincrement="5"
  minutesincrement="1"
  modelauto="false"
  monthchangeonarrows="true"
  monthchangeonscroll="false"
  monthnameformat="short"
  monthpicker="false"
  multidates="false"
  nodisabledrange="false"
  nohoursoverlay="false"
  nominutesoverlay="false"
  nosecondsoverlay="false"
  notoday="false"
  nowbuttonlabel="Now"
  offset="10"
  partialflow="false"
  partialrange="true"
  placeholder=""
  position="center"
  presetdates=""
  preventminmaxnavigation="false"
  previewformat=""
  quarterpicker="false"
  range="false"
  required="false"
  reverseyears="false"
  secondsgridincrement="5"
  secondsincrement="1"
  selecttext="Select"
  showlastinrange="true"
  sixweeks="false"
  spaceconfirm="true"
  teleportcenter="false"
  textinput="false"
  timepicker="false"
  timepickerinline="false"
  transitions="true"
  ui="[object Object]"
  utc="false"
  vertical="false"
  weeknumname="W"
  weekpicker="false"
  weekstart="0"
  yearfirst="false"
  yearpicker="false"
  yearrange="1900,2100"
/>
`;
