// Jest Snapshot v1, https://goo.gl/fbAQLP

exports[`EditKnowledge SnapShotテスト初期表示 1`] = `
<div
  data-v-app=""
>
  
  <header-stub />
  <tab-menu-stub />
  <toast-stub
    position="top-center"
  />
  <div
    class="p-7"
  >
    <float-label-stub
      class="mt-5"
    />
    <div
      class="mt=2.5"
    >
      <knowledge-content-input-stub
        knowledgecontent="This is a test knowledge"
      />
    </div>
  </div>
  <div>
    <p
      class="mt-5 ml-5"
    >
      登録済みの画像
    </p>
    <div
      class="thumbnail-container"
    >
      
      <div
        class="thumbnail"
      >
        <div
          class="thumbnail-image"
        >
          <img
            alt=""
            src="https://example.com/image1.jpg"
          />
        </div>
        <div
          class="thumbnail-actions"
        >
          <button-stub
            class="delete-button"
            icon="pi pi-trash"
            label=""
          />
        </div>
      </div>
      <div
        class="thumbnail"
      >
        <div
          class="thumbnail-image"
        >
          <img
            alt=""
            src="https://example.com/image2.jpg"
          />
        </div>
        <div
          class="thumbnail-actions"
        >
          <button-stub
            class="delete-button"
            icon="pi pi-trash"
            label=""
          />
        </div>
      </div>
      
    </div>
  </div>
  <div
    class="p-5"
  >
    <p>
      関連画像(5枚まで登録できます)
    </p>
    <div
      class="file-input-container"
    >
      
      <div>
        <drop-file-stub
          class="mt-3"
          index="1"
        />
      </div>
      <div>
        <drop-file-stub
          class="mt-3"
          index="2"
        />
      </div>
      <div>
        <drop-file-stub
          class="mt-3"
          index="3"
        />
      </div>
      <div>
        <drop-file-stub
          class="mt-3"
          index="4"
        />
      </div>
      <div>
        <drop-file-stub
          class="mt-3"
          index="5"
        />
      </div>
      
    </div>
  </div>
  <div
    class="p-10 text-center"
  >
    <button
      class="edit-knowledge-button"
    >
      編集する
    </button>
  </div>
  
</div>
`;
