// Jest Snapshot v1, https://goo.gl/fbAQLP

exports[`Header.vue SnapShotテスト 1`] = `
<header>
  <h2
    class="title"
  >
    <router-link-stub
      class="title"
      to="/"
    />
  </h2>
  <nav>
    <div
      class="navigation-menus"
    >
      <button
        class="account-introducton-button mr-7"
        style=""
      >
         会員登録・ログイン 
      </button>
      <div>
        <button-stub
          aria-label="ユーザー"
          class="user-button"
          icon="pi pi-user"
          pt="[object Object]"
          rounded=""
          severity="info"
        />
      </div>
    </div>
    <!--v-if-->
  </nav>
</header>
`;
