// Jest Snapshot v1, https://goo.gl/fbAQLP

exports[`SearchPage SnapShotテスト初期表示 1`] = `
<div
  data-v-app=""
>
  
  <header-stub />
  <h1
    class="signUpTitle"
  >
    ログイン
  </h1>
  <div
    class="login-container"
  >
    <form
      class="form"
    >
      <div
        class="item"
      >
        <label>
          メールアドレス
        </label>
        <input
          id="email"
          type="email"
        />
        <p
          class="validation-error-message"
        />
      </div>
      <div
        class="item"
      >
        <label>
          パスワード
        </label>
        <password-text-stub />
        <p
          class="validation-error-message"
        />
      </div>
      <div
        class="login-button-container"
      >
        <button
          class="login-button"
        >
          ログイン
        </button>
      </div>
    </form>
  </div>
  
</div>
`;
