// Jest Snapshot v1, https://goo.gl/fbAQLP

exports[`PasswordEdit.vue SnapShotテスト 1`] = `
<div
  data-v-app=""
>
  
  <header-stub />
  <tab-menu-stub />
  <toast-stub
    position="top-center"
  />
  <div
    class="setting-container"
  >
    <setting-side-menu-stub
      currentindex="3"
    />
    <main>
      <h1
        class="view-title pt-10"
      >
        パスワード変更
      </h1>
      <div
        class="password-edit-container"
      >
        <form
          class="form"
        >
          <div
            class="pt-10"
          >
            <label
              for="password"
            >
              現在のパスワード
            </label>
            <password-text-stub
              password=""
              passwordtype="1"
            />
            <p
              class="validation-error-message"
            />
          </div>
          <div
            class="pt-10"
          >
            <label
              for="password"
            >
              パスワード
            </label>
            <password-text-stub
              password=""
              passwordtype="3"
            />
            <p
              class="validation-error-message"
            />
          </div>
          <div
            class="pt-10"
          >
            <label
              for="passwordConfirm"
            >
              パスワード(確認)
            </label>
            <password-text-stub
              password=""
              passwordtype="4"
            />
            <p
              class="validation-error-message"
            />
          </div>
          <div
            class="text-center"
          >
            <button
              class="password-edit-button mt-5"
            >
              更新
            </button>
          </div>
        </form>
      </div>
    </main>
  </div>
  
</div>
`;
